// Jest Snapshot v1, https://goo.gl/fbAQLP

exports[`<App /> Renders a default greeting 1`] = `
<BrowserRouter>
  <div>
    <Header />
    <Route
      path="/"
    >
      <Home />
    </Route>
  </div>
</BrowserRouter>
`;
